// Vitest Snapshot v1, https://vitest.dev/guide/snapshot.html

exports[`CardHeader > renders correctly with default props 1`] = `
<div
  class="_question-card-header_20dfd5"
>
  <div
    class="_question-card-header-left_20dfd5"
  >
    What is your favorite color?
    <span
      class="test-badge"
    >
      Badge
    </span>
  </div>
  <div
    class="_question-card-header-right_20dfd5 _desktop_20dfd5"
  >
    <span
      class="test-progress"
    >
      Progress
    </span>
  </div>
</div>
`;
